OpenJDK 64-Bit Server VM (25.252-b09) for linux-amd64 JRE (1.8.0_252-b09), built on Apr 15 2020 12:10:31 by "jenkins" with gcc 4.8.2 20140120 (Red Hat 4.8.2-15)
Memory: 4k page, physical 2038880k(170524k free), swap 1048572k(1007356k free)
CommandLine flags: -XX:CompressedClassSpaceSize=260046848 -XX:G1ReservePercent=20 -XX:+HeapDumpOnOutOfMemoryError -XX:InitialHeapSize=1073741824 -XX:MaxGCPauseMillis=100 -XX:MaxHeapSize=1073741824 -XX:MaxMetaspaceSize=268435456 -XX:+PrintAdaptiveSizePolicy -XX:+PrintGC -XX:+PrintGCApplicationConcurrentTime -XX:+PrintGCApplicationStoppedTime -XX:+PrintGCCause -XX:+PrintGCDateStamps -XX:+PrintGCDetails -XX:+PrintGCTimeStamps -XX:+PrintHeapAtGC -XX:+PrintTenuringDistribution -XX:+UnlockExperimentalVMOptions -XX:+UseCGroupMemoryLimitForHeap -XX:+UseCompressedClassPointers -XX:+UseCompressedOops -XX:+UseG1GC 
 0.017: [G1Ergonomics (Heap Sizing) expand the heap, requested expansion amount: 1073741824 bytes, attempted expansion amount: 1073741824 bytes]
2020-08-19T01:02:37.166+0000: 0.293: Application time: 0.2234028 seconds
2020-08-19T01:02:37.166+0000: 0.294: Total time for which application threads were stopped: 0.0001627 seconds, Stopping threads took: 0.0000102 seconds
2020-08-19T01:02:37.178+0000: 0.305: Application time: 0.0118215 seconds
2020-08-19T01:02:37.178+0000: 0.306: Total time for which application threads were stopped: 0.0000910 seconds, Stopping threads took: 0.0000112 seconds
2020-08-19T01:02:37.275+0000: 0.403: Application time: 0.0976556 seconds
2020-08-19T01:02:37.275+0000: 0.403: Total time for which application threads were stopped: 0.0000954 seconds, Stopping threads took: 0.0000130 seconds
2020-08-19T01:02:37.572+0000: 0.699: Application time: 0.2961127 seconds
2020-08-19T01:02:37.572+0000: 0.700: Total time for which application threads were stopped: 0.0002240 seconds, Stopping threads took: 0.0000339 seconds
2020-08-19T01:02:37.653+0000: 0.781: Application time: 0.0810363 seconds
{Heap before GC invocations=0 (full 0):
 garbage-first heap   total 1048576K, used 52224K [0x00000000c0000000, 0x00000000c0102000, 0x0000000100000000)
  region size 1024K, 51 young (52224K), 0 survivors (0K)
 Metaspace       used 9894K, capacity 10130K, committed 10240K, reserved 1058816K
  class space    used 1164K, capacity 1219K, committed 1280K, reserved 1048576K
2020-08-19T01:02:37.653+0000: 0.781: [GC pause (G1 Evacuation Pause) (young)
Desired survivor size 3670016 bytes, new threshold 15 (max 15)
 0.781: [G1Ergonomics (CSet Construction) start choosing CSet, _pending_cards: 0, predicted base time: 10.00 ms, remaining time: 90.00 ms, target pause time: 100.00 ms]
 0.781: [G1Ergonomics (CSet Construction) add young regions to CSet, eden: 51 regions, survivors: 0 regions, predicted young region time: 2587.31 ms]
 0.781: [G1Ergonomics (CSet Construction) finish choosing CSet, eden: 51 regions, survivors: 0 regions, old: 0 regions, predicted pause time: 2597.31 ms, target pause time: 100.00 ms]
, 0.0090261 secs]
   [Parallel Time: 4.4 ms, GC Workers: 2]
      [GC Worker Start (ms): Min: 780.9, Avg: 780.9, Max: 780.9, Diff: 0.0]
      [Ext Root Scanning (ms): Min: 0.9, Avg: 0.9, Max: 0.9, Diff: 0.0, Sum: 1.7]
      [Update RS (ms): Min: 0.0, Avg: 0.0, Max: 0.0, Diff: 0.0, Sum: 0.0]
         [Processed Buffers: Min: 0, Avg: 0.0, Max: 0, Diff: 0, Sum: 0]
      [Scan RS (ms): Min: 0.0, Avg: 0.0, Max: 0.0, Diff: 0.0, Sum: 0.0]
      [Code Root Scanning (ms): Min: 0.1, Avg: 0.1, Max: 0.2, Diff: 0.1, Sum: 0.3]
      [Object Copy (ms): Min: 3.2, Avg: 3.3, Max: 3.3, Diff: 0.1, Sum: 6.5]
      [Termination (ms): Min: 0.0, Avg: 0.0, Max: 0.0, Diff: 0.0, Sum: 0.0]
         [Termination Attempts: Min: 1, Avg: 1.0, Max: 1, Diff: 0, Sum: 2]
      [GC Worker Other (ms): Min: 0.0, Avg: 0.0, Max: 0.0, Diff: 0.0, Sum: 0.0]
      [GC Worker Total (ms): Min: 4.3, Avg: 4.3, Max: 4.3, Diff: 0.0, Sum: 8.6]
      [GC Worker End (ms): Min: 785.2, Avg: 785.2, Max: 785.2, Diff: 0.0]
   [Code Root Fixup: 0.0 ms]
   [Code Root Purge: 0.2 ms]
   [Clear CT: 0.8 ms]
   [Other: 3.6 ms]
      [Choose CSet: 0.0 ms]
      [Ref Proc: 3.2 ms]
      [Ref Enq: 0.0 ms]
      [Redirty Cards: 0.1 ms]
      [Humongous Register: 0.0 ms]
      [Humongous Reclaim: 0.0 ms]
      [Free CSet: 0.2 ms]
   [Eden: 52224.0K(52224.0K)->0.0B(46080.0K) Survivors: 0.0B->6144.0K Heap: 52224.0K(1024.0M)->5737.4K(1024.0M)]
Heap after GC invocations=1 (full 0):
 garbage-first heap   total 1048576K, used 5737K [0x00000000c0000000, 0x00000000c0102000, 0x0000000100000000)
  region size 1024K, 6 young (6144K), 6 survivors (6144K)
 Metaspace       used 9894K, capacity 10130K, committed 10240K, reserved 1058816K
  class space    used 1164K, capacity 1219K, committed 1280K, reserved 1048576K
}
 [Times: user=0.01 sys=0.01, real=0.02 secs] 
2020-08-19T01:02:37.673+0000: 0.801: Total time for which application threads were stopped: 0.0207081 seconds, Stopping threads took: 0.0000345 seconds
2020-08-19T01:02:38.099+0000: 1.227: Application time: 0.4256949 seconds
2020-08-19T01:02:38.099+0000: 1.227: Total time for which application threads were stopped: 0.0001731 seconds, Stopping threads took: 0.0000127 seconds
2020-08-19T01:02:38.120+0000: 1.248: Application time: 0.0202713 seconds
2020-08-19T01:02:38.120+0000: 1.248: Total time for which application threads were stopped: 0.0001837 seconds, Stopping threads took: 0.0000131 seconds
2020-08-19T01:02:38.120+0000: 1.248: Application time: 0.0005592 seconds
2020-08-19T01:02:38.121+0000: 1.248: Total time for which application threads were stopped: 0.0001327 seconds, Stopping threads took: 0.0000090 seconds
2020-08-19T01:02:38.153+0000: 1.281: Application time: 0.0322864 seconds
2020-08-19T01:02:38.153+0000: 1.281: Total time for which application threads were stopped: 0.0001417 seconds, Stopping threads took: 0.0000124 seconds
2020-08-19T01:02:38.167+0000: 1.295: Application time: 0.0145127 seconds
2020-08-19T01:02:38.168+0000: 1.295: Total time for which application threads were stopped: 0.0001383 seconds, Stopping threads took: 0.0000125 seconds
2020-08-19T01:02:38.454+0000: 1.582: Application time: 0.2865663 seconds
2020-08-19T01:02:38.454+0000: 1.582: Total time for which application threads were stopped: 0.0001778 seconds, Stopping threads took: 0.0000145 seconds
2020-08-19T01:02:38.693+0000: 1.821: Application time: 0.2387413 seconds
{Heap before GC invocations=1 (full 0):
 garbage-first heap   total 1048576K, used 51817K [0x00000000c0000000, 0x00000000c0102000, 0x0000000100000000)
  region size 1024K, 51 young (52224K), 6 survivors (6144K)
 Metaspace       used 17931K, capacity 18336K, committed 18688K, reserved 1064960K
  class space    used 2172K, capacity 2299K, committed 2304K, reserved 1048576K
2020-08-19T01:02:38.693+0000: 1.821: [GC pause (G1 Evacuation Pause) (young)
Desired survivor size 3670016 bytes, new threshold 15 (max 15)
- age   1:    2114512 bytes,    2114512 total
 1.821: [G1Ergonomics (CSet Construction) start choosing CSet, _pending_cards: 0, predicted base time: 9.04 ms, remaining time: 90.96 ms, target pause time: 100.00 ms]
 1.821: [G1Ergonomics (CSet Construction) add young regions to CSet, eden: 45 regions, survivors: 6 regions, predicted young region time: 367.34 ms]
 1.821: [G1Ergonomics (CSet Construction) finish choosing CSet, eden: 45 regions, survivors: 6 regions, old: 0 regions, predicted pause time: 376.37 ms, target pause time: 100.00 ms]
, 0.0182283 secs]
   [Parallel Time: 15.4 ms, GC Workers: 2]
      [GC Worker Start (ms): Min: 1821.3, Avg: 1821.7, Max: 1822.2, Diff: 1.0]
      [Ext Root Scanning (ms): Min: 3.8, Avg: 4.1, Max: 4.4, Diff: 0.6, Sum: 8.2]
      [Update RS (ms): Min: 0.0, Avg: 0.0, Max: 0.0, Diff: 0.0, Sum: 0.0]
         [Processed Buffers: Min: 0, Avg: 0.0, Max: 0, Diff: 0, Sum: 0]
      [Scan RS (ms): Min: 0.0, Avg: 0.0, Max: 0.0, Diff: 0.0, Sum: 0.0]
      [Code Root Scanning (ms): Min: 0.0, Avg: 0.4, Max: 0.8, Diff: 0.8, Sum: 0.8]
      [Object Copy (ms): Min: 9.9, Avg: 10.3, Max: 10.6, Diff: 0.7, Sum: 20.5]
      [Termination (ms): Min: 0.0, Avg: 0.0, Max: 0.0, Diff: 0.0, Sum: 0.0]
         [Termination Attempts: Min: 1, Avg: 1.0, Max: 1, Diff: 0, Sum: 2]
      [GC Worker Other (ms): Min: 0.0, Avg: 0.0, Max: 0.0, Diff: 0.0, Sum: 0.0]
      [GC Worker Total (ms): Min: 14.3, Avg: 14.8, Max: 15.3, Diff: 1.0, Sum: 29.6]
      [GC Worker End (ms): Min: 1836.6, Avg: 1836.6, Max: 1836.6, Diff: 0.0]
   [Code Root Fixup: 0.0 ms]
   [Code Root Purge: 0.0 ms]
   [Clear CT: 0.1 ms]
   [Other: 2.7 ms]
      [Choose CSet: 0.0 ms]
      [Ref Proc: 2.2 ms]
      [Ref Enq: 0.1 ms]
      [Redirty Cards: 0.1 ms]
      [Humongous Register: 0.0 ms]
      [Humongous Reclaim: 0.0 ms]
      [Free CSet: 0.1 ms]
   [Eden: 46080.0K(46080.0K)->0.0B(45056.0K) Survivors: 6144.0K->7168.0K Heap: 51817.4K(1024.0M)->8520.0K(1024.0M)]
Heap after GC invocations=2 (full 0):
 garbage-first heap   total 1048576K, used 8520K [0x00000000c0000000, 0x00000000c0102000, 0x0000000100000000)
  region size 1024K, 7 young (7168K), 7 survivors (7168K)
 Metaspace       used 17931K, capacity 18336K, committed 18688K, reserved 1064960K
  class space    used 2172K, capacity 2299K, committed 2304K, reserved 1048576K
}
 [Times: user=0.03 sys=0.01, real=0.02 secs] 
2020-08-19T01:02:38.713+0000: 1.841: Total time for which application threads were stopped: 0.0198931 seconds, Stopping threads took: 0.0000515 seconds
2020-08-19T01:02:39.059+0000: 2.187: Application time: 0.3459885 seconds
 2.187: [G1Ergonomics (Concurrent Cycles) request concurrent cycle initiation, reason: requested by GC cause, GC cause: Metadata GC Threshold]
{Heap before GC invocations=2 (full 0):
 garbage-first heap   total 1048576K, used 18760K [0x00000000c0000000, 0x00000000c0102000, 0x0000000100000000)
  region size 1024K, 18 young (18432K), 7 survivors (7168K)
 Metaspace       used 20394K, capacity 20922K, committed 21248K, reserved 1067008K
  class space    used 2477K, capacity 2697K, committed 2816K, reserved 1048576K
 2.187: [G1Ergonomics (Concurrent Cycles) initiate concurrent cycle, reason: concurrent cycle initiation requested]
2020-08-19T01:02:39.060+0000: 2.188: [GC pause (Metadata GC Threshold) (young) (initial-mark)
Desired survivor size 3670016 bytes, new threshold 2 (max 15)
- age   1:    2784992 bytes,    2784992 total
- age   2:    1897784 bytes,    4682776 total
 2.188: [G1Ergonomics (CSet Construction) start choosing CSet, _pending_cards: 512, predicted base time: 14.07 ms, remaining time: 85.93 ms, target pause time: 100.00 ms]
 2.188: [G1Ergonomics (CSet Construction) add young regions to CSet, eden: 11 regions, survivors: 7 regions, predicted young region time: 100.20 ms]
 2.188: [G1Ergonomics (CSet Construction) finish choosing CSet, eden: 11 regions, survivors: 7 regions, old: 0 regions, predicted pause time: 114.27 ms, target pause time: 100.00 ms]
, 0.0100591 secs]
   [Parallel Time: 8.6 ms, GC Workers: 2]
      [GC Worker Start (ms): Min: 2187.7, Avg: 2187.8, Max: 2187.8, Diff: 0.0]
      [Ext Root Scanning (ms): Min: 1.1, Avg: 1.2, Max: 1.3, Diff: 0.2, Sum: 2.4]
      [Update RS (ms): Min: 0.0, Avg: 0.1, Max: 0.2, Diff: 0.1, Sum: 0.2]
         [Processed Buffers: Min: 1, Avg: 1.0, Max: 1, Diff: 0, Sum: 2]
      [Scan RS (ms): Min: 0.0, Avg: 0.0, Max: 0.0, Diff: 0.0, Sum: 0.0]
      [Code Root Scanning (ms): Min: 0.1, Avg: 0.6, Max: 1.0, Diff: 0.9, Sum: 1.2]
      [Object Copy (ms): Min: 5.8, Avg: 6.4, Max: 7.0, Diff: 1.3, Sum: 12.8]
      [Termination (ms): Min: 0.0, Avg: 0.0, Max: 0.0, Diff: 0.0, Sum: 0.0]
         [Termination Attempts: Min: 1, Avg: 1.0, Max: 1, Diff: 0, Sum: 2]
      [GC Worker Other (ms): Min: 0.0, Avg: 0.0, Max: 0.0, Diff: 0.0, Sum: 0.0]
      [GC Worker Total (ms): Min: 8.3, Avg: 8.3, Max: 8.3, Diff: 0.0, Sum: 16.7]
      [GC Worker End (ms): Min: 2196.1, Avg: 2196.1, Max: 2196.1, Diff: 0.0]
   [Code Root Fixup: 0.0 ms]
   [Code Root Purge: 0.0 ms]
   [Clear CT: 0.1 ms]
   [Other: 1.4 ms]
      [Choose CSet: 0.0 ms]
      [Ref Proc: 0.9 ms]
      [Ref Enq: 0.0 ms]
      [Redirty Cards: 0.1 ms]
      [Humongous Register: 0.0 ms]
      [Humongous Reclaim: 0.0 ms]
      [Free CSet: 0.0 ms]
   [Eden: 11264.0K(45056.0K)->0.0B(46080.0K) Survivors: 7168.0K->6144.0K Heap: 19058.7K(1024.0M)->9070.5K(1024.0M)]
Heap after GC invocations=3 (full 0):
 garbage-first heap   total 1048576K, used 9070K [0x00000000c0000000, 0x00000000c0102000, 0x0000000100000000)
  region size 1024K, 6 young (6144K), 6 survivors (6144K)
 Metaspace       used 20394K, capacity 20922K, committed 21248K, reserved 1067008K
  class space    used 2477K, capacity 2697K, committed 2816K, reserved 1048576K
}
 [Times: user=0.02 sys=0.00, real=0.01 secs] 
2020-08-19T01:02:39.071+0000: 2.199: [GC concurrent-root-region-scan-start]
2020-08-19T01:02:39.071+0000: 2.199: Total time for which application threads were stopped: 0.0116219 seconds, Stopping threads took: 0.0000138 seconds
2020-08-19T01:02:39.079+0000: 2.207: [GC concurrent-root-region-scan-end, 0.0081451 secs]
2020-08-19T01:02:39.079+0000: 2.207: [GC concurrent-mark-start]
2020-08-19T01:02:39.084+0000: 2.212: [GC concurrent-mark-end, 0.0052439 secs]
2020-08-19T01:02:39.084+0000: 2.212: Application time: 0.0133457 seconds
2020-08-19T01:02:39.085+0000: 2.213: [GC remark 2020-08-19T01:02:39.085+0000: 2.213: [Finalize Marking, 0.0005699 secs] 2020-08-19T01:02:39.086+0000: 2.214: [GC ref-proc, 0.0007940 secs] 2020-08-19T01:02:39.087+0000: 2.215: [Unloading, 0.0057522 secs], 0.0089943 secs]
 [Times: user=0.01 sys=0.00, real=0.01 secs] 
2020-08-19T01:02:39.095+0000: 2.223: Total time for which application threads were stopped: 0.0101916 seconds, Stopping threads took: 0.0003820 seconds
2020-08-19T01:02:39.095+0000: 2.223: Application time: 0.0002771 seconds
2020-08-19T01:02:39.095+0000: 2.223: [GC cleanup 9355K->8331K(1024M), 0.0023946 secs]
 [Times: user=0.00 sys=0.00, real=0.00 secs] 
2020-08-19T01:02:39.099+0000: 2.226: Total time for which application threads were stopped: 0.0035503 seconds, Stopping threads took: 0.0001867 seconds
2020-08-19T01:02:39.099+0000: 2.226: [GC concurrent-cleanup-start]
2020-08-19T01:02:39.099+0000: 2.226: [GC concurrent-cleanup-end, 0.0000073 secs]
2020-08-19T01:02:39.244+0000: 2.372: Application time: 0.1458663 seconds
{Heap before GC invocations=4 (full 0):
 garbage-first heap   total 1048576K, used 12142K [0x00000000c0000000, 0x00000000c0102000, 0x0000000100000000)
  region size 1024K, 11 young (11264K), 6 survivors (6144K)
 Metaspace       used 21164K, capacity 21780K, committed 22144K, reserved 1069056K
  class space    used 2633K, capacity 2910K, committed 2944K, reserved 1048576K
2020-08-19T01:02:39.244+0000: 2.372: [Full GC (System.gc())  13166K->5714K(1024M), 0.0482785 secs]
   [Eden: 5120.0K(46080.0K)->0.0B(52224.0K) Survivors: 6144.0K->0.0B Heap: 13166.5K(1024.0M)->5714.6K(1024.0M)], [Metaspace: 21164K->21164K(1069056K)]
Heap after GC invocations=5 (full 1):
 garbage-first heap   total 1048576K, used 5714K [0x00000000c0000000, 0x00000000c0102000, 0x0000000100000000)
  region size 1024K, 0 young (0K), 0 survivors (0K)
 Metaspace       used 21164K, capacity 21780K, committed 22144K, reserved 1069056K
  class space    used 2633K, capacity 2910K, committed 2944K, reserved 1048576K
}
 [Times: user=0.09 sys=0.01, real=0.05 secs] 
2020-08-19T01:02:39.294+0000: 2.422: Total time for which application threads were stopped: 0.0496610 seconds, Stopping threads took: 0.0000149 seconds
2020-08-19T01:02:39.321+0000: 2.449: Application time: 0.0273431 seconds
2020-08-19T01:02:39.322+0000: 2.450: Total time for which application threads were stopped: 0.0005329 seconds, Stopping threads took: 0.0000989 seconds
2020-08-19T01:02:39.403+0000: 2.531: Application time: 0.0807157 seconds
2020-08-19T01:02:39.403+0000: 2.531: Total time for which application threads were stopped: 0.0002073 seconds, Stopping threads took: 0.0000152 seconds
2020-08-19T01:02:40.403+0000: 3.531: Application time: 1.0001570 seconds
2020-08-19T01:02:40.403+0000: 3.531: Total time for which application threads were stopped: 0.0000947 seconds, Stopping threads took: 0.0000360 seconds
2020-08-19T01:02:40.671+0000: 3.799: Application time: 0.2675134 seconds
2020-08-19T01:02:40.671+0000: 3.799: Total time for which application threads were stopped: 0.0002501 seconds, Stopping threads took: 0.0000136 seconds
2020-08-19T01:02:40.684+0000: 3.812: Application time: 0.0131625 seconds
2020-08-19T01:02:40.684+0000: 3.812: Total time for which application threads were stopped: 0.0002128 seconds, Stopping threads took: 0.0000130 seconds
2020-08-19T01:02:40.761+0000: 3.889: Application time: 0.0772310 seconds
2020-08-19T01:02:40.762+0000: 3.890: Total time for which application threads were stopped: 0.0002253 seconds, Stopping threads took: 0.0000146 seconds
2020-08-19T01:02:40.956+0000: 4.084: Application time: 0.1947070 seconds
2020-08-19T01:02:40.957+0000: 4.085: Total time for which application threads were stopped: 0.0003205 seconds, Stopping threads took: 0.0000668 seconds
Heap
 garbage-first heap   total 1048576K, used 48722K [0x00000000c0000000, 0x00000000c0102000, 0x0000000100000000)
  region size 1024K, 43 young (44032K), 0 survivors (0K)
 Metaspace       used 26152K, capacity 26774K, committed 27136K, reserved 1073152K
  class space    used 3222K, capacity 3465K, committed 3584K, reserved 1048576K
2020-08-19T01:02:41.070+0000: 4.198: Application time: 0.1135064 seconds
